
Allocating common symbols
Common symbol       size              file

tic_msec            0x4               soc-hw.o

Memory Configuration

Name             Origin             Length             Attributes
ram              0x0000000000000000 0x0000000000001000
*default*        0x0000000000000000 0xffffffffffffffff

Linker script and memory map

                0x0000000000000000                __DYNAMIC = 0x0
                0x0000000000000000                _RAM_START = 0x0
                0x0000000000001000                _RAM_SIZE = 0x1000
                0x0000000000001000                _RAM_END = (_RAM_START + _RAM_SIZE)

.text           0x0000000000000000      0x5fc
                0x0000000000000000                _ftext = .
 *(.text .stub .text.* .gnu.linkonce.t.*)
 .text          0x0000000000000000      0x208 crt0ram.o
                0x0000000000000000                _start
                0x0000000000000140                irq_enable
                0x000000000000014c                irq_disable
                0x0000000000000158                irq_set_mask
                0x0000000000000160                irq_get_mask
                0x0000000000000168                jump
                0x000000000000016c                halt
                0x00000000000001f8                get_sp
                0x0000000000000200                get_gp
 .text          0x0000000000000208      0x134 main.o
                0x0000000000000208                irq_handler
                0x0000000000000228                main
 .text          0x000000000000033c      0x2c0 soc-hw.o
                0x000000000000033c                msleep
                0x0000000000000378                nsleep
                0x00000000000003a8                tic_isr
                0x00000000000003d4                tic_init
                0x0000000000000404                uart_init
                0x0000000000000408                uart_getchar
                0x000000000000042c                uart_putchar
                0x0000000000000450                uart_putstr
                0x0000000000000484                gpio_get_in
                0x000000000000049c                gpio_get_dir
                0x00000000000004b4                gpio_get_out
                0x00000000000004cc                gpio_set_in
                0x00000000000004e4                gpio_set_dir
                0x00000000000004fc                gpio_set_out
                0x0000000000000514                spi_get_div
                0x0000000000000520                spi_get_mosi
                0x000000000000052c                spi_get_cs
                0x0000000000000538                spi_get_miso
                0x000000000000054c                spi_set_div
                0x0000000000000558                spi_set_cs
                0x0000000000000564                spi_set_mosi
                0x0000000000000578                spi_set_miso
                0x0000000000000598                midi_start
                0x00000000000005b4                midi_note_on
                0x00000000000005dc                midi_note_off
                0x00000000000005fc                _etext = .

.rodata         0x00000000000005fc       0x14
                0x00000000000005fc                . = ALIGN (0x4)
                0x00000000000005fc                _frodata = .
 *(.rodata .rodata.* .gnu.linkonce.r.*)
 .rodata.str1.4
                0x00000000000005fc       0x10 main.o
 .rodata.cst4   0x000000000000060c        0x4 soc-hw.o
 *(.rodata1)
                0x0000000000000610                _erodata = .

.data           0x0000000000000610       0x18
                0x0000000000000610                . = ALIGN (0x4)
                0x0000000000000610                _fdata = .
 *(.data .data.* .gnu.linkonce.d.*)
 .data          0x0000000000000610        0x0 crt0ram.o
 .data          0x0000000000000610        0x0 main.o
 .data          0x0000000000000610       0x18 soc-hw.o
                0x0000000000000610                uart0
                0x0000000000000614                timer0
                0x0000000000000618                gpio0
                0x000000000000061c                spi0
                0x0000000000000620                spi1
                0x0000000000000624                midi0
 *(.data1)
                0x0000000000000630                _gp = ALIGN (0x10)
 *(.sdata .sdata.* .gnu.linkonce.s.*)
                0x0000000000000628                _edata = .

.bss            0x0000000000000628        0x4
                0x0000000000000628                . = ALIGN (0x4)
                0x0000000000000628                _fbss = .
 *(.dynsbss)
 *(.sbss .sbss.* .gnu.linkonce.sb.*)
 *(.scommon)
 *(.dynbss)
 *(.bss .bss.* .gnu.linkonce.b.*)
 .bss           0x0000000000000628        0x0 crt0ram.o
 .bss           0x0000000000000628        0x0 main.o
 .bss           0x0000000000000628        0x0 soc-hw.o
 *(COMMON)
 COMMON         0x0000000000000628        0x4 soc-hw.o
                0x0000000000000628                tic_msec
                0x000000000000062c                _ebss = .
                0x000000000000062c                _end = .
                0x0000000000000ffc                PROVIDE (_fstack, ((ORIGIN (ram) + 0x1000) - 0x4))
LOAD crt0ram.o
LOAD main.o
LOAD soc-hw.o
OUTPUT(image elf32-lm32)

.debug_abbrev   0x0000000000000000      0x29c
 .debug_abbrev  0x0000000000000000       0xeb main.o
 .debug_abbrev  0x00000000000000eb      0x1b1 soc-hw.o

.debug_info     0x0000000000000000      0x7f5
 .debug_info    0x0000000000000000      0x174 main.o
 .debug_info    0x0000000000000174      0x681 soc-hw.o

.debug_line     0x0000000000000000      0x520
 .debug_line    0x0000000000000000      0x13c main.o
 .debug_line    0x000000000000013c      0x3e4 soc-hw.o

.debug_frame    0x0000000000000000      0x1d0
 .debug_frame   0x0000000000000000       0x30 main.o
 .debug_frame   0x0000000000000030      0x1a0 soc-hw.o

.debug_loc      0x0000000000000000      0x10d
 .debug_loc     0x0000000000000000       0x31 main.o
 .debug_loc     0x0000000000000031       0xdc soc-hw.o

.debug_pubnames
                0x0000000000000000      0x20c
 .debug_pubnames
                0x0000000000000000       0x2b main.o
 .debug_pubnames
                0x000000000000002b      0x1e1 soc-hw.o

.debug_pubtypes
                0x0000000000000000       0x97
 .debug_pubtypes
                0x0000000000000000       0x35 main.o
 .debug_pubtypes
                0x0000000000000035       0x62 soc-hw.o

.debug_aranges  0x0000000000000000       0x40
 .debug_aranges
                0x0000000000000000       0x20 main.o
 .debug_aranges
                0x0000000000000020       0x20 soc-hw.o

.debug_str      0x0000000000000000      0x2b3
 .debug_str     0x0000000000000000       0xd3 main.o
                                         0xe4 (size before relaxing)
 .debug_str     0x00000000000000d3      0x1e0 soc-hw.o
                                        0x29e (size before relaxing)

.comment        0x0000000000000000       0x11
 .comment       0x0000000000000000       0x11 main.o
                                         0x12 (size before relaxing)
 .comment       0x0000000000000000       0x12 soc-hw.o
